[4/24/2026 10:28:49 AM] ============================================
[4/24/2026 10:28:49 AM] LAUNCHER STARTED
[4/24/2026 10:28:49 AM] User: DESKTOP-5K2FJQI$
[4/24/2026 10:28:49 AM] Computer: DESKTOP-5K2FJQI
[4/24/2026 10:28:49 AM] ERROR: Script not found - D:\Excel\tunnel_script.py
[4/24/2026 10:29:11 AM] ============================================
[4/24/2026 10:29:12 AM] LAUNCHER STARTED
[4/24/2026 10:29:12 AM] User: DESKTOP-5K2FJQI$
[4/24/2026 10:29:12 AM] Computer: DESKTOP-5K2FJQI
[4/24/2026 10:29:12 AM] ERROR: Script not found - D:\Excel\tunnel_script.py
[4/24/2026 10:29:20 AM] ============================================
[4/24/2026 10:29:20 AM] LAUNCHER STARTED
[4/24/2026 10:29:20 AM] User: DESKTOP-5K2FJQI$
[4/24/2026 10:29:20 AM] Computer: DESKTOP-5K2FJQI
[4/24/2026 10:29:20 AM] ERROR: Script not found - D:\Excel\tunnel_script.py
[4/24/2026 10:32:30 AM] ============================================
[4/24/2026 10:32:30 AM] LAUNCHER STARTED
[4/24/2026 10:32:30 AM] Looking for: D:\Excel\QadriStore.py
[4/24/2026 10:32:30 AM] ✅ Script found!
[4/24/2026 10:32:30 AM] ⚠️ Exit code: 1
[4/24/2026 10:32:30 AM] LAUNCHER ENDED
[4/24/2026 10:32:30 AM] ============================================
[4/24/2026 8:43:56 PM] ============================================
[4/24/2026 8:43:56 PM] LAUNCHER STARTED
[4/24/2026 8:43:56 PM] Looking for: D:\Excel\QadriStore.py
[4/24/2026 8:43:56 PM] ✅ Script found!
[4/24/2026 8:43:56 PM] ⚠️ Exit code: 1
[4/24/2026 8:43:57 PM] LAUNCHER ENDED
[4/24/2026 8:43:57 PM] ============================================
